---
source: tui/src/bottom_pane/chat_composer.rs
expression: terminal.backend()
---
"                                                            "
"› /bt                                                       "
"                                                            "
"  /btw  open a side conversation while the current thread   "
"        keeps running                                       "
